ds18b20.c:28:9:DS18B20_Start	8	static
ds18b20.c:46:6:DS18B20_StartAll	8	static
ds18b20.c:56:9:DS18B20_Read	24	static
ds18b20.c:120:9:DS18B20_GetResolution	8	static
ds18b20.c:147:9:DS18B20_SetResolution	24	static
ds18b20.c:203:9:DS18B20_Is	0	static
ds18b20.c:210:9:DS18B20_AllDone	0	static
ds18b20.c:215:6:DS18B20_ReadAll	24	static
ds18b20.c:233:6:DS18B20_GetROM	0	static
ds18b20.c:244:6:DS18B20_WriteROM	0	static
ds18b20.c:255:9:DS18B20_Quantity	0	static
ds18b20.c:260:9:DS18B20_GetTemperature	0	static
ds18b20.c:270:6:DS18B20_Init	24	static
