onewire.c:18:6:OneWire_BusInputDirection	24	static
onewire.c:28:6:OneWire_BusOutputDirection	24	static
onewire.c:41:6:OneWire_OutputLow	0	static
onewire.c:46:6:OneWire_OutputHigh	0	static
onewire.c:58:9:OneWire_Reset	8	static
onewire.c:79:6:OneWire_WriteBit	8	static
onewire.c:105:9:OneWire_ReadBit	8	static
onewire.c:124:6:OneWire_WriteByte	16	static
onewire.c:135:9:OneWire_ReadByte	16	static
onewire.c:150:6:OneWire_ResetSearch	0	static
onewire.c:158:9:OneWire_Search	32	static
onewire.c:275:9:OneWire_First	0	static
onewire.c:285:9:OneWire_Next	0	static
onewire.c:294:6:OneWire_Select	16	static
onewire.c:308:6:OneWire_SelectWithPointer	0	static
onewire.c:322:6:OneWire_GetFullROM	0	static
onewire.c:333:9:OneWire_CRC8	12	static
onewire.c:357:6:OneWire_Init	8	static
